<html>

<head>
  <style>
    .plx-labels {
      text-anchor: middle;
      dominant-baseline: central;
    }

    .plx-graph {
      height: 500px;
      width: 800px;
      stroke-width: 1.0;
    }

    .plx-graph .plx-grid {
      stroke: #ccc;
      stroke-dasharray: 0;
      stroke-width: 1.0;
    }

    .plx-grid-lines {
      stroke-width: 0.1;
    }

    .plx-ticks {
      stroke: #ccc;
      stroke-dasharray: 0;
      stroke-width: 0.5;
    }

    .plx-labels {
      font-size: 3px;
    }

    .plx-labels .plx-x-labels {
      font-size: 1px;
    }

    .plx-label-title {
      font-size: 8px;
      font-weight: bold;
      text-transform: uppercase;
      fill: black;
    }

    .plx-data .plx-data-point {
      fill: darkblue;
      stroke-width: 1.0;
    }

    .plx-data .plx-data-line {
      stroke: #0074d9;
      stroke-width: 0.05em;
      stroke-width: 0.05em;
      stroke-linecap: round;
      fill: none;
    }
  </style>
</head>

<body>
  <svg version="1.2" xmlns="http://www.w3.org/2000/svg" xmlns:xlink="http://www.w3.org/1999/xlink"
    viewbox="0 -100 100 100 " class="plx-graph" preserveAspectRatio="none">
    <title class="plx-title">Plot</title>



    <defs>



      <!-- simple dot marker definition -->
      <marker id="marker-0" viewBox="0 0 3.0 3.0" refX="1.5" refY="1.5" markerWidth="1.5" markerHeight="1.5">
        <circle class="plx-data-point " cx="1.5" cy="1.5" r="1.5" />
      </marker>




    </defs>

    <!-- X Axis -->
    <g class="plx-grid plx-x-axis ">
      <g class="plx-border">
        <line x1="10" x2="90" y1="-10" y2="-10">
        </line>
      </g>

      <g class="plx-ticks">

        <line x1="13.636363636363637" y1="-10" x2="13.636363636363637" y2="-12.0">
        </line>

        <line x1="22.727272727272727" y1="-10" x2="22.727272727272727" y2="-12.0">
        </line>

        <line x1="31.818181818181817" y1="-10" x2="31.818181818181817" y2="-12.0">
        </line>

        <line x1="40.90909090909091" y1="-10" x2="40.90909090909091" y2="-12.0">
        </line>

        <line x1="50.0" y1="-10" x2="50.0" y2="-12.0">
        </line>

        <line x1="59.090909090909086" y1="-10" x2="59.090909090909086" y2="-12.0">
        </line>

        <line x1="68.18181818181819" y1="-10" x2="68.18181818181819" y2="-12.0">
        </line>

        <line x1="77.27272727272727" y1="-10" x2="77.27272727272727" y2="-12.0">
        </line>

        <line x1="86.36363636363636" y1="-10" x2="86.36363636363636" y2="-12.0">
        </line>

      </g>
      <g class="plx-grid-lines">

        <line x1="13.636363636363637" y1="-10" x2="13.636363636363637" y2="-90">
        </line>

        <line x1="22.727272727272727" y1="-10" x2="22.727272727272727" y2="-90">
        </line>

        <line x1="31.818181818181817" y1="-10" x2="31.818181818181817" y2="-90">
        </line>

        <line x1="40.90909090909091" y1="-10" x2="40.90909090909091" y2="-90">
        </line>

        <line x1="50.0" y1="-10" x2="50.0" y2="-90">
        </line>

        <line x1="59.090909090909086" y1="-10" x2="59.090909090909086" y2="-90">
        </line>

        <line x1="68.18181818181819" y1="-10" x2="68.18181818181819" y2="-90">
        </line>

        <line x1="77.27272727272727" y1="-10" x2="77.27272727272727" y2="-90">
        </line>

        <line x1="86.36363636363636" y1="-10" x2="86.36363636363636" y2="-90">
        </line>

      </g>
    </g>

    <g class="plx-labels plx-x-labels">

      <text x="13.636363636363637" y="-10" transform="rotate(35, 13.636363636363637, -5.0)" dy="5.0">
        0.00
      </text>

      <text x="22.727272727272727" y="-10" transform="rotate(35, 22.727272727272727, -5.0)" dy="5.0">
        0.50
      </text>

      <text x="31.818181818181817" y="-10" transform="rotate(35, 31.818181818181817, -5.0)" dy="5.0">
        1.00
      </text>

      <text x="40.90909090909091" y="-10" transform="rotate(35, 40.90909090909091, -5.0)" dy="5.0">
        1.50
      </text>

      <text x="50.0" y="-10" transform="rotate(35, 50.0, -5.0)" dy="5.0">
        2.00
      </text>

      <text x="59.090909090909086" y="-10" transform="rotate(35, 59.090909090909086, -5.0)" dy="5.0">
        2.50
      </text>

      <text x="68.18181818181819" y="-10" transform="rotate(35, 68.18181818181819, -5.0)" dy="5.0">
        3.00
      </text>

      <text x="77.27272727272727" y="-10" transform="rotate(35, 77.27272727272727, -5.0)" dy="5.0">
        3.50
      </text>

      <text x="86.36363636363636" y="-10" transform="rotate(35, 86.36363636363636, -5.0)" dy="5.0">
        4.00
      </text>

      <text x="40.0" y="-5.0" class="label-title">

      </text>
    </g>

    <!-- Y Axis -->
    <g class="plx-grid plx-y-axis">
      <g class="plx-border">
        <line x1="10" x2="10" y1="-10" y2="-90">
        </line>
      </g>

      <g class="plx-ticks">

        <line x1="10" y1="-13.63636363636364" x2="12.0" y2="-13.63636363636364">
        </line>

        <line x1="10" y1="-23.33333333333333" x2="12.0" y2="-23.33333333333333">
        </line>

        <line x1="10" y1="-33.03030303030303" x2="12.0" y2="-33.03030303030303">
        </line>

        <line x1="10" y1="-42.72727272727273" x2="12.0" y2="-42.72727272727273">
        </line>

        <line x1="10" y1="-52.42424242424242" x2="12.0" y2="-52.42424242424242">
        </line>

        <line x1="10" y1="-62.121212121212125" x2="12.0" y2="-62.121212121212125">
        </line>

        <line x1="10" y1="-71.81818181818183" x2="12.0" y2="-71.81818181818183">
        </line>

        <line x1="10" y1="-81.5151515151515" x2="12.0" y2="-81.5151515151515">
        </line>

      </g>
      <g class="plx-grid-lines">

        <line x1="10" y1="-13.63636363636364" x2="90" y2="-13.63636363636364">
        </line>

        <line x1="10" y1="-23.33333333333333" x2="90" y2="-23.33333333333333">
        </line>

        <line x1="10" y1="-33.03030303030303" x2="90" y2="-33.03030303030303">
        </line>

        <line x1="10" y1="-42.72727272727273" x2="90" y2="-42.72727272727273">
        </line>

        <line x1="10" y1="-52.42424242424242" x2="90" y2="-52.42424242424242">
        </line>

        <line x1="10" y1="-62.121212121212125" x2="90" y2="-62.121212121212125">
        </line>

        <line x1="10" y1="-71.81818181818183" x2="90" y2="-71.81818181818183">
        </line>

        <line x1="10" y1="-81.5151515151515" x2="90" y2="-81.5151515151515">
        </line>

      </g>
    </g>
    <g class="plx-labels plx-y-labels">

      <text y="-13.63636363636364" x="10" transform="rotate(0.0, 5.0, -13.63636363636364)" dx="-5.0">
        0.10
      </text>

      <text y="-23.33333333333333" x="10" transform="rotate(0.0, 5.0, -23.33333333333333)" dx="-5.0">
        0.12
      </text>

      <text y="-33.03030303030303" x="10" transform="rotate(0.0, 5.0, -33.03030303030303)" dx="-5.0">
        0.14
      </text>

      <text y="-42.72727272727273" x="10" transform="rotate(0.0, 5.0, -42.72727272727273)" dx="-5.0">
        0.16
      </text>

      <text y="-52.42424242424242" x="10" transform="rotate(0.0, 5.0, -52.42424242424242)" dx="-5.0">
        0.18
      </text>

      <text y="-62.121212121212125" x="10" transform="rotate(0.0, 5.0, -62.121212121212125)" dx="-5.0">
        0.20
      </text>

      <text y="-71.81818181818183" x="10" transform="rotate(0.0, 5.0, -71.81818181818183)" dx="-5.0">
        0.22
      </text>

      <text y="-81.5151515151515" x="10" transform="rotate(0.0, 5.0, -81.5151515151515)" dx="-5.0">
        0.24
      </text>

      <text y="-40.0" x="5.0" class="label-title">

      </text>
    </g>

    <!-- Data -->
    <g class="plx-data">

      <g class="plx-dataset-0" data-setname="plx-data-0">
        <polyline class="plx-data-line" points="13.636,-13.636 50.000,-86.364 68.182,-37.879 86.364,-13.636 "
          marker-start="url(#marker-0)" marker-mid="url(#marker-0)" marker-end="url(#marker-0)"></polyline>
      </g>

    </g>
  </svg>

</body>

</html>